// Jest Snapshot v1, https://goo.gl/fbAQLP

exports[`UserTemplate success 1`] = `
<div
  className="sc-AxmLO jYPplo"
>
  <UserForm
    user={
      Object {
        "familyName": "nanashi",
        "gender": "man",
        "givenName": "gonbe",
      }
    }
  />
</div>
`;
