// Jest Snapshot v1, https://goo.gl/fbAQLP

exports[`GlobalStyle success 1`] = `""`;
