// Jest Snapshot v1, https://goo.gl/fbAQLP

exports[`RadioButton success 1`] = `
<div
  className="sc-AxjAm iXKhXH"
>
  <label
    key="v01"
  >
    <input
      checked={true}
      name="r001"
      onChange={[Function]}
      type="radio"
      value="v01"
    />
    r01
  </label>
  <label
    key="v02"
  >
    <input
      checked={false}
      name="r001"
      onChange={[Function]}
      type="radio"
      value="v02"
    />
    r02
  </label>
</div>
`;
