// Jest Snapshot v1, https://goo.gl/fbAQLP

exports[`TextBox success 1`] = `
<input
  className="sc-AxjAm bpwMoe"
  onChange={[MockFunction]}
  type="text"
  value="text"
/>
`;
